\BOOKMARK [1][-]{section.1}{\376\377\126\333\171\321\140\073\211\310}{}% 1
\BOOKMARK [1][-]{section.2}{\376\377\167\037\230\230\000\040\000v\000s\000\040\201\352\177\026\000\040\172\340\202\202\133\371\153\324}{}% 2
\BOOKMARK [2][-]{subsection.2.1}{\376\377\145\160\143\156\176\323\147\204}{section.2}% 3
\BOOKMARK [2][-]{subsection.2.2}{\376\377\213\241\173\227\147\072\176\304\142\020\123\237\164\006}{section.2}% 4
\BOOKMARK [2][-]{subsection.2.3}{\376\377\144\315\117\134\174\373\176\337}{section.2}% 5
\BOOKMARK [1][-]{section.3}{\376\377\145\160\143\156\176\323\147\204\377\010\0008\0005\000.\0004\000\045\377\011}{}% 6
\BOOKMARK [2][-]{subsection.3.1}{\376\377\172\340\202\202\213\346\140\305}{section.3}% 7
\BOOKMARK [2][-]{subsection.3.2}{\376\377\205\204\137\061\134\017\202\202\377\010\000<\000\040\0007\0000\000\045\377\014\121\161\000\040\0000\000\040\116\052\377\011}{section.3}% 8
\BOOKMARK [2][-]{subsection.3.3}{\376\377\143\214\143\341\162\142\126\372\377\010\000\040\0009\0000\000\045\377\014\121\161\000\040\0001\0002\000\040\116\052\377\011}{section.3}% 9
\BOOKMARK [1][-]{section.4}{\376\377\213\241\173\227\147\072\176\304\142\020\123\237\164\006\377\010\0007\0003\000.\0008\000\045\377\011}{}% 10
\BOOKMARK [2][-]{subsection.4.1}{\376\377\172\340\202\202\213\346\140\305}{section.4}% 11
\BOOKMARK [2][-]{subsection.4.2}{\376\377\205\204\137\061\134\017\202\202\377\010\000<\000\040\0007\0000\000\045\377\014\121\161\000\040\0008\000\040\116\052\377\011}{section.4}% 12
\BOOKMARK [2][-]{subsection.4.3}{\376\377\143\214\143\341\162\142\126\372\377\010\000\040\0009\0000\000\045\377\014\121\161\000\040\0005\000\040\116\052\377\011}{section.4}% 13
\BOOKMARK [1][-]{section.5}{\376\377\144\315\117\134\174\373\176\337\377\010\0007\0004\000.\0005\000\045\377\011}{}% 14
\BOOKMARK [2][-]{subsection.5.1}{\376\377\172\340\202\202\213\346\140\305}{section.5}% 15
\BOOKMARK [2][-]{subsection.5.2}{\376\377\205\204\137\061\134\017\202\202\377\010\000<\000\040\0007\0000\000\045\377\014\121\161\000\040\0003\000\040\116\052\377\011}{section.5}% 16
\BOOKMARK [2][-]{subsection.5.3}{\376\377\143\214\143\341\162\142\126\372\377\010\000\040\0009\0000\000\045\377\014\121\161\000\040\0002\000\040\116\052\377\011}{section.5}% 17
\BOOKMARK [1][-]{section.6}{\376\377\155\361\136\246\122\006\147\220}{}% 18
\BOOKMARK [2][-]{subsection.6.1}{\376\377\225\031\230\230\176\335\133\371\221\317\000\040\000v\000s\000\040\153\143\170\156\163\207}{section.6}% 19
\BOOKMARK [2][-]{subsection.6.2}{\376\377\230\230\221\317\000-\153\143\170\156\163\207\214\141\226\120\126\376}{section.6}% 20
\BOOKMARK [2][-]{subsection.6.3}{\376\377\215\350\171\321\121\163\200\124\377\032\000C\000O\000\040\000v\000s\000\040\000O\000S\000\040\221\315\123\340\167\345\213\306\160\271}{section.6}% 21
\BOOKMARK [2][-]{subsection.6.4}{\376\377\166\356\150\007\135\356\215\335\221\317\123\026\377\010\0004\0000\0008\000\040\166\356\150\007\000\040\0001\0002\0005\000\040\122\006\000\040\041\222\000\040\153\317\171\321\000\040\0008\0003\000\045\377\011}{section.6}% 22
\BOOKMARK [2][-]{subsection.6.5}{\376\377\167\037\230\230\000-\201\352\177\026\135\356\215\335\146\076\204\127\140\047}{section.6}% 23
\BOOKMARK [1][-]{section.7}{\376\377\140\073\176\323\116\016\136\372\213\256}{}% 24
\BOOKMARK [2][-]{subsection.7.1}{\376\377\137\123\122\115\162\266\140\001}{section.7}% 25
\BOOKMARK [2][-]{subsection.7.2}{\376\377\117\030\122\277}{section.7}% 26
\BOOKMARK [2][-]{subsection.7.3}{\376\377\167\355\147\177\116\016\133\371\173\126}{section.7}% 27
\BOOKMARK [2][-]{subsection.7.4}{\376\377\116\013\116\000\153\145\210\114\122\250}{section.7}% 28
